// Jest Snapshot v1, https://goo.gl/fbAQLP

exports[`Test in AddCategory should display correctly 1`] = `
<form
  action=""
  onSubmit={[Function]}
>
  <input
    onChange={[Function]}
    type="text"
    value=""
  />
</form>
`;
